// Jest Snapshot v1, https://goo.gl/fbAQLP

exports[`Alert Component matches snapshot 1`] = `
<div>
  <div
    class="flex items-start border rounded-md p-3 md:p-4 border-alert-success bg-alert-success-background text-alert-success-foreground w-full"
    data-cupcake-component="alert"
    data-cupcake-variant="success"
    role="alert"
  >
    <div
      class="flex-shrink-0 mr-2 md:mr-3 text-alert-success"
    >
      <svg
        class="w-4 h-4 md:w-5 md:h-5"
        fill="none"
        height="24"
        stroke="currentColor"
        stroke-linecap="round"
        stroke-linejoin="round"
        stroke-width="2"
        viewBox="0 0 24 24"
        width="24"
        xmlns="http://www.w3.org/2000/svg"
      >
        <path
          d="M22 11.08V12a10 10 0 1 1-5.93-9.14"
        />
        <polyline
          points="22 4 12 14.01 9 11.01"
        />
      </svg>
    </div>
    <div
      class="flex-1 min-w-0"
    >
      <h3
        class="text-sm md:text-base font-semibold mb-0.5 md:mb-1"
      >
        Snapshot Test
      </h3>
      <div
        class="text-xs md:text-sm"
      >
        This is a snapshot test
      </div>
    </div>
    <button
      aria-label="Dismiss alert"
      class="flex-shrink-0 ml-2 md:ml-3 hover:opacity-70 transition-opacity p-2 rounded-full flex items-center justify-center min-h-touch min-w-touch"
    >
      <svg
        class="w-4 h-4 md:w-5 md:h-5"
        fill="none"
        height="24"
        stroke="currentColor"
        stroke-linecap="round"
        stroke-linejoin="round"
        stroke-width="2"
        viewBox="0 0 24 24"
        width="24"
        xmlns="http://www.w3.org/2000/svg"
      >
        <path
          d="M18 6 6 18"
        />
        <path
          d="m6 6 12 12"
        />
      </svg>
    </button>
  </div>
</div>
`;
